{
    "Testing process GETORFS_POSTPROCESSING on *E. coli* LexA GETORFS output...": {
        "content": [
            {
                "0": [
                    "lexA_Ecoli.orfs.pp.fasta:md5,9832e86e3eab2be8b7b160dac5ad922b"
                ],
                "1": [
                    "versions.yml:md5,ad58e2b936279fb8132ef5f6a635a57e"
                ],
                "orfs_pp": [
                    "lexA_Ecoli.orfs.pp.fasta:md5,9832e86e3eab2be8b7b160dac5ad922b"
                ],
                "versions": [
                    "versions.yml:md5,ad58e2b936279fb8132ef5f6a635a57e"
                ]
            }
        ],
        "meta": {
            "nf-test": "0.9.1",
            "nextflow": "24.10.0"
        },
        "timestamp": "2024-10-28T12:10:11.442346"
    }
}